19
ABBBBBBBBBBBBBBBBPABBBBBBBBBBBBBBBBP
A^^^^^^^^^^^^^^^^PA^^^^^^^^^^^^^^^^P
A^^^^^^^^^^^^^^^^PA^^^^^^^^^^^^^^^^P
A^^^^^^^^^^^^^^^^CB^^^^^^^^^^^^^^^^C
A^^^^^^^^^^^^^^^^^^^^^^^^^^^^^^^^^^P
A^^^^^^^^^^^^^^^^^^^^^^^^^^^^^^^^^^P
A^^^^^^^^^^^^^^^^po^^^^^^^^^^^^^^^^p
A^^^^^^^^^^^^^^^^PA^^^^^^^^^^^^^^^^P
A^^^^^^^^^^^^^^^^PA^^^^^^^^^^^^^^^^P
fjjjjjjjjjjjjjjjjkfjjjjjj^^jjjjjjjjk
A^^^^^^^^^^^^^^^^PA^^^^^^^^^^^^^^^^P
A^^^^^^^^^^^^^^^^PA^^^^^^^^^^^^^^^^P
A^^^^^^^^^^^^^^^^CB^^^^^^^^^^^^^^^^C
A^^^^^^^^^^^^^^^^^^^^^^^^^^^^^^^^^^^
A^^^^^^^^^^^^^^^^^^^^^^^^^^^^^^^^^^^
A^^^^^^^^^^^^^^^^po^^^^^^^^^^^^^^^^p
A^^^^^^^^^^^^^^^^PA^^^^^^^^^^^^^^^^P
A^^^^^^^^^^^^^^^^PA^^^^^^^^^^^^^^^^P
fjjjjjjjjjjjjjjjjkfjjjjjjjjjjjjjjjjk
50
Map_maze__00.png
Map_maze__01.png
Map_maze__02.png
Map_maze__03.png
Map_maze__04.png
Map_maze__05.png
Map_maze__06.png
Map_maze__07.png
Map_maze__08.png
Map_maze__09.png
Map_maze__10.png
Map_maze__11.png
Map_maze__12.png
Map_maze__13.png
Map_maze__14.png
Map_maze__15.png
Map_maze__16.png
Map_maze__17.png
Map_maze__18.png
Map_maze__19.png
Map_maze__20.png
Map_maze__21.png
Map_maze__22.png
Map_maze__23.png
Map_maze__24.png
Map_maze__25.png
Map_maze__26.png
Map_maze__27.png
Map_maze__28.png
Map_maze__29.png
Map_maze__30.png
Map_maze__30.png
Map_maze__31.png
Map_maze__32.png
Map_maze__33.png
Map_maze__34.png
Map_maze__35.png
Map_maze__36.png
Map_maze__37.png
Map_maze__38.png
Map_maze__39.png
Map_maze__40.png
Map_maze__41.png
Map_maze__42.png
Map_maze__43.png
Map_maze__44.png
Map_maze__45.png
Map_maze__46.png
Map_maze__47.png
Map_maze__48.png
bg.png